Traceback (most recent call last):
  File "C:\brynja-v0250\repo\scripts\cryptography\windows_enclave_worker.py", line 155, in <module>
    main()
    ~~~~^^
  File "C:\brynja-v0250\repo\scripts\cryptography\windows_enclave_worker.py", line 143, in main
    record = bounded(command, args.missing_clear_mutant)
  File "C:\brynja-v0250\repo\scripts\cryptography\windows_enclave_worker.py", line 110, in bounded
    require(result.returncode == 0 and not result.stderr and 0 < len(result.stdout) <= 32768,
    ~~~~~~~^^^^^^^^^^^^^^^^^^^^^^^^^^^^^^^^^^^^^^^^^^^^^^^^^^^^^^^^^^^^^^^^^^^^^^^^^^^^^^^^^^
            'bounded clean worker child required: ' + result.stderr[-2048:])
            ^^^^^^^^^^^^^^^^^^^^^^^^^^^^^^^^^^^^^^^^^^^^^^^^^^^^^^^^^^^^^^^^
  File "C:\brynja-v0250\repo\scripts\cryptography\windows_protection_probe.py", line 18, in require
    raise ProbeError(message)
windows_protection_probe.ProbeError: bounded clean worker child required: Traceback (most recent call last):
  File "C:\brynja-v0250\repo\scripts\cryptography\windows_enclave_worker.py", line 155, in <module>
    main()
    ~~~~^^
  File "C:\brynja-v0250\repo\scripts\cryptography\windows_enclave_worker.py", line 132, in main
    print(json.dumps(exercise(WorkerNative(), Windows(), image, args.missing_clear_mutant)))
                     ~~~~~~~~^^^^^^^^^^^^^^^^^^^^^^^^^^^^^^^^^^^^^^^^^^^^^^^^^^^^^^^^^^^^^
  File "C:\brynja-v0250\repo\scripts\cryptography\windows_enclave_worker.py", line 86, in exercise
    item[name]['allocation_ranges'] = mapped_ranges(host, item[name], base)
                                      ~~~~~~~~~~~~~^^^^^^^^^^^^^^^^^^^^^^^^
  File "C:\brynja-v0250\repo\scripts\cryptography\windows_enclave_worker.py", line 64, in mapped_ranges
    require(ranges, 'worker allocation not observed')
    ~~~~~~~^^^^^^^^^^^^^^^^^^^^^^^^^^^^^^^^^^^^^^^^^^
  File "C:\brynja-v0250\repo\scripts\cryptography\windows_protection_probe.py", line 18, in require
    raise ProbeError(message)
windows_protection_probe.ProbeError: worker allocation not observed
