Traceback (most recent call last):
  File "C:\brynja-v0250\repo\scripts\cryptography\windows_enclave_window.py", line 128, in <module>
    main()
    ~~~~^^
  File "C:\brynja-v0250\repo\scripts\cryptography\windows_enclave_window.py", line 116, in main
    record = bounded(command, args.unwind, args.missing_clear_mutant)
  File "C:\brynja-v0250\repo\scripts\cryptography\windows_enclave_window.py", line 74, in bounded
    require(result.returncode == 0 and not result.stderr and 0 < len(result.stdout) <= 32768,
    ~~~~~~~^^^^^^^^^^^^^^^^^^^^^^^^^^^^^^^^^^^^^^^^^^^^^^^^^^^^^^^^^^^^^^^^^^^^^^^^^^^^^^^^^^
            f'window child failed/inconclusive; exit={result.returncode} '
            ^^^^^^^^^^^^^^^^^^^^^^^^^^^^^^^^^^^^^^^^^^^^^^^^^^^^^^^^^^^^^^
            f'(0x{result.returncode & 0xffffffff:08x}); ' + result.stderr[-2048:])
            ^^^^^^^^^^^^^^^^^^^^^^^^^^^^^^^^^^^^^^^^^^^^^^^^^^^^^^^^^^^^^^^^^^^^^^
  File "C:\brynja-v0250\repo\scripts\cryptography\windows_protection_probe.py", line 18, in require
    raise ProbeError(message)
windows_protection_probe.ProbeError: window child failed/inconclusive; exit=1 (0x00000001); Traceback (most recent call last):
  File "C:\brynja-v0250\repo\scripts\cryptography\windows_enclave_window.py", line 128, in <module>
    main()
    ~~~~^^
  File "C:\brynja-v0250\repo\scripts\cryptography\windows_enclave_window.py", line 103, in main
    print(json.dumps(exercise(WorkerNative(), image, args.unwind, args.missing_clear_mutant)))
                     ~~~~~~~~^^^^^^^^^^^^^^^^^^^^^^^^^^^^^^^^^^^^^^^^^^^^^^^^^^^^^^^^^^^^^^^
  File "C:\brynja-v0250\repo\scripts\cryptography\windows_enclave_window.py", line 60, in exercise
    calls.append(validate_call(values, base, unwind, mutant))
                 ~~~~~~~~~~~~~^^^^^^^^^^^^^^^^^^^^^^^^^^^^^^
  File "C:\brynja-v0250\repo\scripts\cryptography\windows_enclave_window.py", line 33, in validate_call
    require(steps == expected and result == (0 if mutant else expected | 64),
    ~~~~~~~^^^^^^^^^^^^^^^^^^^^^^^^^^^^^^^^^^^^^^^^^^^^^^^^^^^^^^^^^^^^^^^^^^
            'exact window work and whole-window cleanup result')
            ^^^^^^^^^^^^^^^^^^^^^^^^^^^^^^^^^^^^^^^^^^^^^^^^^^^^
  File "C:\brynja-v0250\repo\scripts\cryptography\windows_protection_probe.py", line 18, in require
    raise ProbeError(message)
windows_protection_probe.ProbeError: exact window work and whole-window cleanup result
