Traceback (most recent call last):
  File "C:\brynja-v0250\repo\scripts\cryptography\windows_enclave_window_guard.py", line 161, in <module>
    main()
    ~~~~^^
  File "C:\brynja-v0250\repo\scripts\cryptography\windows_enclave_window_guard.py", line 150, in main
    record = bounded(command, args.mode, args.unwind, args.missing_clear_mutant, args.deny)
  File "C:\brynja-v0250\repo\scripts\cryptography\windows_enclave_window_guard.py", line 100, in bounded
    require(result.returncode == 0 and not result.stderr and 0 < len(result.stdout) <= 32768,
    ~~~~~~~^^^^^^^^^^^^^^^^^^^^^^^^^^^^^^^^^^^^^^^^^^^^^^^^^^^^^^^^^^^^^^^^^^^^^^^^^^^^^^^^^^
            f'guard child failed/inconclusive: exit={result.returncode}; ' + result.stderr[-4096:])
            ^^^^^^^^^^^^^^^^^^^^^^^^^^^^^^^^^^^^^^^^^^^^^^^^^^^^^^^^^^^^^^^^^^^^^^^^^^^^^^^^^^^^^^^
  File "C:\brynja-v0250\repo\scripts\cryptography\windows_protection_probe.py", line 18, in require
    raise ProbeError(message)
windows_protection_probe.ProbeError: guard child failed/inconclusive: exit=1; Traceback (most recent call last):
  File "C:\brynja-v0250\repo\scripts\cryptography\windows_enclave_window_lock.py", line 80, in __call__
    require(self.phase in ('admitting', 'admitted') and low == self.low,
    ~~~~~~~^^^^^^^^^^^^^^^^^^^^^^^^^^^^^^^^^^^^^^^^^^^^^^^^^^^^^^^^^^^^^
            'finish must match the admitted live window')
            ^^^^^^^^^^^^^^^^^^^^^^^^^^^^^^^^^^^^^^^^^^^^^
  File "C:\brynja-v0250\repo\scripts\cryptography\windows_protection_probe.py", line 18, in require
    raise ProbeError(message)
windows_protection_probe.ProbeError: finish must match the admitted live window

The above exception was the direct cause of the following exception:

Traceback (most recent call last):
  File "C:\brynja-v0250\repo\scripts\cryptography\windows_enclave_window_guard.py", line 161, in <module>
    main()
    ~~~~^^
  File "C:\brynja-v0250\repo\scripts\cryptography\windows_enclave_window_guard.py", line 133, in main
    print(json.dumps(exercise(WorkerNative(), Windows(), image, args.mode, args.unwind,
                     ~~~~~~~~^^^^^^^^^^^^^^^^^^^^^^^^^^^^^^^^^^^^^^^^^^^^^^^^^^^^^^^^^^
                             args.missing_clear_mutant, args.deny)))
                             ^^^^^^^^^^^^^^^^^^^^^^^^^^^^^^^^^^^^^
  File "C:\brynja-v0250\repo\scripts\cryptography\windows_enclave_window_guard.py", line 80, in exercise
    raise RuntimeError(f'guard handshake failed; values={values}; guards={guards}') from handshake.error
RuntimeError: guard handshake failed; values=[0, 1419823276032, 1419823341568, 0, 0, 0, 1, 0]; guards=[1419823271936, 1419823341568, 0, 0, 0, 0, 0, 0, 0, 0, 0, 2, 0]
